------------------------------------------------------------
Timing Analyzer Summary
------------------------------------------------------------

Type  : Slow 1100mV 100C Model Setup 'clock_conversion|pll_inst|altera_pll_i|general[0].gpll~PLL_OUTPUT_COUNTER|divclk'
Slack : 8.444
TNS   : 0.000

Type  : Slow 1100mV 100C Model Setup 'altera_reserved_tck'
Slack : 9.131
TNS   : 0.000

Type  : Slow 1100mV 100C Model Setup 'system_clock'
Slack : 12.420
TNS   : 0.000

Type  : Slow 1100mV 100C Model Hold 'clock_conversion|pll_inst|altera_pll_i|general[0].gpll~PLL_OUTPUT_COUNTER|divclk'
Slack : 0.261
TNS   : 0.000

Type  : Slow 1100mV 100C Model Hold 'altera_reserved_tck'
Slack : 0.375
TNS   : 0.000

Type  : Slow 1100mV 100C Model Hold 'system_clock'
Slack : 0.384
TNS   : 0.000

Type  : Slow 1100mV 100C Model Recovery 'altera_reserved_tck'
Slack : 14.593
TNS   : 0.000

Type  : Slow 1100mV 100C Model Recovery 'clock_conversion|pll_inst|altera_pll_i|general[0].gpll~PLL_OUTPUT_COUNTER|divclk'
Slack : 29.589
TNS   : 0.000

Type  : Slow 1100mV 100C Model Removal 'altera_reserved_tck'
Slack : 1.093
TNS   : 0.000

Type  : Slow 1100mV 100C Model Removal 'clock_conversion|pll_inst|altera_pll_i|general[0].gpll~PLL_OUTPUT_COUNTER|divclk'
Slack : 1.491
TNS   : 0.000

Type  : Slow 1100mV 100C Model Minimum Pulse Width 'clock_conversion|pll_inst|altera_pll_i|general[0].gpll~FRACTIONAL_PLL|vcoph[0]'
Slack : 1.666
TNS   : 0.000

Type  : Slow 1100mV 100C Model Minimum Pulse Width 'system_clock'
Slack : 9.192
TNS   : 0.000

Type  : Slow 1100mV 100C Model Minimum Pulse Width 'altera_reserved_tck'
Slack : 15.497
TNS   : 0.000

Type  : Slow 1100mV 100C Model Minimum Pulse Width 'clock_conversion|pll_inst|altera_pll_i|general[0].gpll~PLL_OUTPUT_COUNTER|divclk'
Slack : 18.580
TNS   : 0.000

Type  : Slow 1100mV -40C Model Setup 'clock_conversion|pll_inst|altera_pll_i|general[0].gpll~PLL_OUTPUT_COUNTER|divclk'
Slack : 5.484
TNS   : 0.000

Type  : Slow 1100mV -40C Model Setup 'system_clock'
Slack : 9.074
TNS   : 0.000

Type  : Slow 1100mV -40C Model Setup 'altera_reserved_tck'
Slack : 9.378
TNS   : 0.000

Type  : Slow 1100mV -40C Model Hold 'clock_conversion|pll_inst|altera_pll_i|general[0].gpll~PLL_OUTPUT_COUNTER|divclk'
Slack : 0.249
TNS   : 0.000

Type  : Slow 1100mV -40C Model Hold 'system_clock'
Slack : 0.372
TNS   : 0.000

Type  : Slow 1100mV -40C Model Hold 'altera_reserved_tck'
Slack : 0.375
TNS   : 0.000

Type  : Slow 1100mV -40C Model Recovery 'altera_reserved_tck'
Slack : 14.831
TNS   : 0.000

Type  : Slow 1100mV -40C Model Recovery 'clock_conversion|pll_inst|altera_pll_i|general[0].gpll~PLL_OUTPUT_COUNTER|divclk'
Slack : 29.859
TNS   : 0.000

Type  : Slow 1100mV -40C Model Removal 'altera_reserved_tck'
Slack : 1.004
TNS   : 0.000

Type  : Slow 1100mV -40C Model Removal 'clock_conversion|pll_inst|altera_pll_i|general[0].gpll~PLL_OUTPUT_COUNTER|divclk'
Slack : 1.354
TNS   : 0.000

Type  : Slow 1100mV -40C Model Minimum Pulse Width 'clock_conversion|pll_inst|altera_pll_i|general[0].gpll~FRACTIONAL_PLL|vcoph[0]'
Slack : 1.666
TNS   : 0.000

Type  : Slow 1100mV -40C Model Minimum Pulse Width 'system_clock'
Slack : 9.303
TNS   : 0.000

Type  : Slow 1100mV -40C Model Minimum Pulse Width 'altera_reserved_tck'
Slack : 15.515
TNS   : 0.000

Type  : Slow 1100mV -40C Model Minimum Pulse Width 'clock_conversion|pll_inst|altera_pll_i|general[0].gpll~PLL_OUTPUT_COUNTER|divclk'
Slack : 18.572
TNS   : 0.000

Type  : Fast 1100mV 100C Model Setup 'clock_conversion|pll_inst|altera_pll_i|general[0].gpll~PLL_OUTPUT_COUNTER|divclk'
Slack : 7.655
TNS   : 0.000

Type  : Fast 1100mV 100C Model Setup 'system_clock'
Slack : 11.070
TNS   : 0.000

Type  : Fast 1100mV 100C Model Setup 'altera_reserved_tck'
Slack : 12.823
TNS   : 0.000

Type  : Fast 1100mV 100C Model Hold 'clock_conversion|pll_inst|altera_pll_i|general[0].gpll~PLL_OUTPUT_COUNTER|divclk'
Slack : 0.143
TNS   : 0.000

Type  : Fast 1100mV 100C Model Hold 'altera_reserved_tck'
Slack : 0.158
TNS   : 0.000

Type  : Fast 1100mV 100C Model Hold 'system_clock'
Slack : 0.184
TNS   : 0.000

Type  : Fast 1100mV 100C Model Recovery 'altera_reserved_tck'
Slack : 16.011
TNS   : 0.000

Type  : Fast 1100mV 100C Model Recovery 'clock_conversion|pll_inst|altera_pll_i|general[0].gpll~PLL_OUTPUT_COUNTER|divclk'
Slack : 34.180
TNS   : 0.000

Type  : Fast 1100mV 100C Model Removal 'altera_reserved_tck'
Slack : 0.455
TNS   : 0.000

Type  : Fast 1100mV 100C Model Removal 'clock_conversion|pll_inst|altera_pll_i|general[0].gpll~PLL_OUTPUT_COUNTER|divclk'
Slack : 0.800
TNS   : 0.000

Type  : Fast 1100mV 100C Model Minimum Pulse Width 'clock_conversion|pll_inst|altera_pll_i|general[0].gpll~FRACTIONAL_PLL|vcoph[0]'
Slack : 1.666
TNS   : 0.000

Type  : Fast 1100mV 100C Model Minimum Pulse Width 'system_clock'
Slack : 9.109
TNS   : 0.000

Type  : Fast 1100mV 100C Model Minimum Pulse Width 'altera_reserved_tck'
Slack : 15.428
TNS   : 0.000

Type  : Fast 1100mV 100C Model Minimum Pulse Width 'clock_conversion|pll_inst|altera_pll_i|general[0].gpll~PLL_OUTPUT_COUNTER|divclk'
Slack : 18.892
TNS   : 0.000

Type  : Fast 1100mV -40C Model Setup 'clock_conversion|pll_inst|altera_pll_i|general[0].gpll~PLL_OUTPUT_COUNTER|divclk'
Slack : 10.716
TNS   : 0.000

Type  : Fast 1100mV -40C Model Setup 'system_clock'
Slack : 13.090
TNS   : 0.000

Type  : Fast 1100mV -40C Model Setup 'altera_reserved_tck'
Slack : 13.569
TNS   : 0.000

Type  : Fast 1100mV -40C Model Hold 'clock_conversion|pll_inst|altera_pll_i|general[0].gpll~PLL_OUTPUT_COUNTER|divclk'
Slack : 0.126
TNS   : 0.000

Type  : Fast 1100mV -40C Model Hold 'altera_reserved_tck'
Slack : 0.131
TNS   : 0.000

Type  : Fast 1100mV -40C Model Hold 'system_clock'
Slack : 0.170
TNS   : 0.000

Type  : Fast 1100mV -40C Model Recovery 'altera_reserved_tck'
Slack : 16.249
TNS   : 0.000

Type  : Fast 1100mV -40C Model Recovery 'clock_conversion|pll_inst|altera_pll_i|general[0].gpll~PLL_OUTPUT_COUNTER|divclk'
Slack : 34.916
TNS   : 0.000

Type  : Fast 1100mV -40C Model Removal 'altera_reserved_tck'
Slack : 0.372
TNS   : 0.000

Type  : Fast 1100mV -40C Model Removal 'clock_conversion|pll_inst|altera_pll_i|general[0].gpll~PLL_OUTPUT_COUNTER|divclk'
Slack : 0.660
TNS   : 0.000

Type  : Fast 1100mV -40C Model Minimum Pulse Width 'clock_conversion|pll_inst|altera_pll_i|general[0].gpll~FRACTIONAL_PLL|vcoph[0]'
Slack : 1.666
TNS   : 0.000

Type  : Fast 1100mV -40C Model Minimum Pulse Width 'system_clock'
Slack : 9.049
TNS   : 0.000

Type  : Fast 1100mV -40C Model Minimum Pulse Width 'altera_reserved_tck'
Slack : 15.429
TNS   : 0.000

Type  : Fast 1100mV -40C Model Minimum Pulse Width 'clock_conversion|pll_inst|altera_pll_i|general[0].gpll~PLL_OUTPUT_COUNTER|divclk'
Slack : 18.893
TNS   : 0.000

------------------------------------------------------------
